
> kanban@0.1.0 build
> next build

笆ｲ Next.js 16.1.6 (Turbopack)
- Environments: .env.local

node.exe : 笞 The "middleware" file convention is deprecated. Please use "proxy" instead. Lea
rn more: https://nextjs.org/docs/messages/middleware-to-proxy
発生場所 行:1 文字:1
+ & "C:\Program Files\nodejs/node.exe" "C:\Program Files\nodejs/node_mo ...
+ ~~~~~~~~~~~~~~~~~~~~~~~~~~~~~~~~~~~~~~~~~~~~~~~~~~~~~~~~~~~~~~~~~~~~~
    + CategoryInfo          : NotSpecified: (笞 The "middlew...leware-to-proxy:String) [], R 
   emoteException
    + FullyQualifiedErrorId : NativeCommandError
 
  Creating an optimized production build ...
笨・Compiled successfully in 8.2s
  Running TypeScript ...
Failed to compile.

./src/app/admin/page.tsx:61:44
Type error: Property 'id' does not exist on type 'never'.

[0m [90m 59 |[39m                 [33m<[39m[33mTableBody[39m[33m>[39m
 [90m 60 |[39m                   {projects[33m?[39m[33m.[39mmap((project) [33m=>[39m 
(
[31m[1m>[22m[39m[90m 61 |[39m                     [33m<[39m[33mTableRow[39m key[33
m=[39m{project[33m.[39mid} className[33m=[39m[32m"hover:bg-slate-50/50"[39m[33m>[39m
 [90m    |[39m                                            [31m[1m^[22m[39m
 [90m 62 |[39m                       [33m<[39m[33mTableCell[39m className[33m=[39m[3
2m"font-medium pl-8"[39m[33m>[39m
 [90m 63 |[39m                         [33m<[39m[33mdiv[39m className[33m=[39m[32m"r
elative h-12 w-16 overflow-hidden rounded-lg bg-slate-100"[39m[33m>[39m
 [90m 64 |[39m                           {project[33m.[39mimage_url [33m&&[39m ([0m
Next.js build worker exited with code: 1 and signal: null
